Dump	Proposal:
Dump	Create swap volume /dev/sda1 (517.72 MiB)
Dump	Create root volume /dev/sda2 (3.49 GiB) with btrfs
Dump	Create subvolume boot/grub2/i386-pc on device /dev/sda2
Dump	Create subvolume home on device /dev/sda2
Dump	Create subvolume opt on device /dev/sda2
Dump	Create subvolume srv on device /dev/sda2
Dump	Create subvolume tmp on device /dev/sda2
Dump	Create subvolume usr/local on device /dev/sda2
Dump	Create subvolume var/crash on device /dev/sda2
Dump	Create subvolume var/lib/mailman on device /dev/sda2
Dump	Create subvolume var/lib/named on device /dev/sda2
Dump	Create subvolume var/lib/pgqsl on device /dev/sda2
Dump	Create subvolume var/log on device /dev/sda2
Dump	Create subvolume var/opt on device /dev/sda2
Dump	Create subvolume var/spool on device /dev/sda2
Dump	Create subvolume var/tmp on device /dev/sda2
Dump	
Dump	Target Map Excerpt:
Dump	device:/dev/sda label:msdos
Dump	device:/dev/sda1 fsid:0x82
Dump	device:/dev/sda2 fsid:0x83 userdata:{"/"=>"snapshots"}
