Dump	Proposal:
Dump	Create boot volume /dev/sda1 (156.88 MiB) with vfat
Dump	Create swap volume /dev/sda2 (517.72 MiB)
Dump	Create root volume /dev/sda3 (297.43 GiB) with btrfs
Dump	Create subvolume boot/grub2/i386-pc on device /dev/sda3
Dump	Create subvolume boot/grub2/x86_64-efi on device /dev/sda3
Dump	Create subvolume home on device /dev/sda3
Dump	Create subvolume opt on device /dev/sda3
Dump	Create subvolume srv on device /dev/sda3
Dump	Create subvolume tmp on device /dev/sda3
Dump	Create subvolume usr/local on device /dev/sda3
Dump	Create subvolume var/crash on device /dev/sda3
Dump	Create subvolume var/lib/mailman on device /dev/sda3
Dump	Create subvolume var/lib/named on device /dev/sda3
Dump	Create subvolume var/lib/pgqsl on device /dev/sda3
Dump	Create subvolume var/log on device /dev/sda3
Dump	Create subvolume var/opt on device /dev/sda3
Dump	Create subvolume var/spool on device /dev/sda3
Dump	Create subvolume var/tmp on device /dev/sda3
Dump	
Dump	Target Map Excerpt:
Dump	device:/dev/sda label:gpt
Dump	device:/dev/sda1 fsid:0x103
Dump	device:/dev/sda2 fsid:0x82
Dump	device:/dev/sda3 fsid:0x83
