Dump	Proposal:
Dump	Create extended partition /dev/sda3 (147.09 GiB)
Dump	Create swap volume /dev/sda5 (2.01 GiB)
Dump	Create root volume /dev/sda6 (20.00 GiB) with btrfs
Dump	Create volume /dev/sda7 (125.08 GiB) for /home with xfs
Dump	Create subvolume boot/grub2/i386-pc on device /dev/sda6
Dump	Create subvolume opt on device /dev/sda6
Dump	Create subvolume srv on device /dev/sda6
Dump	Create subvolume tmp on device /dev/sda6
Dump	Create subvolume usr/local on device /dev/sda6
Dump	Create subvolume var/crash on device /dev/sda6
Dump	Create subvolume var/lib/mailman on device /dev/sda6
Dump	Create subvolume var/lib/named on device /dev/sda6
Dump	Create subvolume var/lib/pgqsl on device /dev/sda6
Dump	Create subvolume var/log on device /dev/sda6
Dump	Create subvolume var/opt on device /dev/sda6
Dump	Create subvolume var/spool on device /dev/sda6
Dump	Create subvolume var/tmp on device /dev/sda6
Dump	
Dump	Target Map Excerpt:
Dump	device:/dev/sda label:msdos
Dump	device:/dev/sda1 fsid:0x83
Dump	device:/dev/sda2 fsid:0x8e
Dump	device:/dev/sda3 fsid:0xf
Dump	device:/dev/sda5 fsid:0x82
Dump	device:/dev/sda6 fsid:0x83
Dump	device:/dev/sda7 fsid:0x83
